Ordered Items: Array
(
    [0] => Array
        (
            [id] => 1
            [children] => Array
                (
                    [0] => 5
                )

        )

    [1] => Array
        (
            [id] => 3
        )

    [2] => Array
        (
            [id] => 2
        )

)
No Menu Items: Array
(
)
Ordered Items: Array
(
    [0] => Array
        (
            [id] => 1
            [children] => Array
                (
                    [0] => 5
                )

        )

    [1] => Array
        (
            [id] => 3
        )

    [2] => Array
        (
            [id] => 2
        )

)
No Menu Items: Array
(
)
Ordered Items: Array
(
    [0] => Array
        (
            [id] => 5
        )

    [1] => Array
        (
            [id] => 1
        )

    [2] => Array
        (
            [id] => 3
        )

    [3] => Array
        (
            [id] => 2
        )

)
No Menu Items: Array
(
)
Ordered Items: Array
(
    [0] => Array
        (
            [id] => 5
        )

    [1] => Array
        (
            [id] => 1
        )

    [2] => Array
        (
            [id] => 2
        )

)
No Menu Items: Array
(
)
Ordered Items: Array
(
    [0] => Array
        (
            [id] => 5
        )

    [1] => Array
        (
            [id] => 1
        )

    [2] => Array
        (
            [id] => 2
        )

)
No Menu Items: Array
(
    [0] => Array
        (
            [id] => 3
        )

)
Ordered Items: Array
(
    [0] => Array
        (
            [id] => 5
        )

    [1] => Array
        (
            [id] => 1
        )

    [2] => Array
        (
            [id] => 2
        )

)
No Menu Items: Array
(
)
